// Jest Snapshot v1, https://goo.gl/fbAQLP

exports[`render correctly Card component 1`] = `
<div
  className="tc bg-light-green dib pa3 ma2 br3 bw2 shadow-5 grow"
>
  <img
    alt="robots"
    src="https://robohash.org/undefined?size=200x200"
  />
  <div>
    <h2 />
    <p />
  </div>
</div>
`;
