// Jest Snapshot v1, https://goo.gl/fbAQLP

exports[`render correctly ErrorBoundry component 1`] = `"children"`;
