// Jest Snapshot v1, https://goo.gl/fbAQLP

exports[`render correctly Scroll component 1`] = `
<div
  style={
    Object {
      "border": "2px solid black",
      "height": "700px",
      "overflowY": "scroll",
    }
  }
>
  childrenComponent
</div>
`;
